../Core/Src/OpenLibCLI/utils/cli_args_parse.c:76:6:parse_u64	88	static
../Core/Src/OpenLibCLI/utils/cli_args_parse.c:102:6:parse_i64	112	static
../Core/Src/OpenLibCLI/utils/cli_args_parse.c:153:6:parse_hex_u64	48	static
../Core/Src/OpenLibCLI/utils/cli_args_parse.c:183:6:parse_u32	32	static
../Core/Src/OpenLibCLI/utils/cli_args_parse.c:199:6:parse_i32	32	static
../Core/Src/OpenLibCLI/utils/cli_args_parse.c:215:6:parse_hex_u32	32	static
../Core/Src/OpenLibCLI/utils/cli_args_parse.c:231:6:parse_u16	32	static
../Core/Src/OpenLibCLI/utils/cli_args_parse.c:247:6:parse_i16	32	static
../Core/Src/OpenLibCLI/utils/cli_args_parse.c:263:6:parse_u8	32	static
../Core/Src/OpenLibCLI/utils/cli_args_parse.c:279:6:parse_i8	32	static
../Core/Src/OpenLibCLI/utils/cli_args_parse.c:295:6:parse_f64	192	static
../Core/Src/OpenLibCLI/utils/cli_args_parse.c:415:6:parse_f32	32	static
../Core/Src/OpenLibCLI/utils/cli_args_parse.c:435:6:strtol_parse_u64	32	static
../Core/Src/OpenLibCLI/utils/cli_args_parse.c:460:6:strtol_parse_i64	32	static
../Core/Src/OpenLibCLI/utils/cli_args_parse.c:485:6:strtol_parse_u32	32	static
../Core/Src/OpenLibCLI/utils/cli_args_parse.c:513:6:strtol_parse_i32	32	static
../Core/Src/OpenLibCLI/utils/cli_args_parse.c:541:6:strtol_parse_u16	24	static
../Core/Src/OpenLibCLI/utils/cli_args_parse.c:557:6:strtol_parse_i16	24	static
../Core/Src/OpenLibCLI/utils/cli_args_parse.c:573:6:strtol_parse_u8	24	static
../Core/Src/OpenLibCLI/utils/cli_args_parse.c:589:6:strtol_parse_i8	24	static
../Core/Src/OpenLibCLI/utils/cli_args_parse.c:605:6:strtol_parse_float	32	static
../Core/Src/OpenLibCLI/utils/cli_args_parse.c:630:6:strtol_parse_double	32	static
../Core/Src/OpenLibCLI/utils/cli_args_parse.c:659:5:format_u64	64	static
../Core/Src/OpenLibCLI/utils/cli_args_parse.c:680:5:format_i64	48	static
../Core/Src/OpenLibCLI/utils/cli_args_parse.c:699:5:format_hex64	56	static
../Core/Src/OpenLibCLI/utils/cli_args_parse.c:733:5:format_u32	32	static
../Core/Src/OpenLibCLI/utils/cli_args_parse.c:737:5:format_i32	32	static
../Core/Src/OpenLibCLI/utils/cli_args_parse.c:741:5:format_hex32	32	static
../Core/Src/OpenLibCLI/utils/cli_args_parse.c:745:5:format_u16	32	static
../Core/Src/OpenLibCLI/utils/cli_args_parse.c:749:5:format_i16	32	static
../Core/Src/OpenLibCLI/utils/cli_args_parse.c:753:5:format_hex16	32	static
../Core/Src/OpenLibCLI/utils/cli_args_parse.c:757:5:format_u8	32	static
../Core/Src/OpenLibCLI/utils/cli_args_parse.c:761:5:format_i8	32	static
../Core/Src/OpenLibCLI/utils/cli_args_parse.c:765:5:format_hex8	32	static
../Core/Src/OpenLibCLI/utils/cli_args_parse.c:784:5:format_bytes	40	static
../Core/Src/OpenLibCLI/utils/cli_args_parse.c:807:13:is_dec_digit	16	static
../Core/Src/OpenLibCLI/utils/cli_args_parse.c:811:13:is_hex_digit	16	static
../Core/Src/OpenLibCLI/utils/cli_args_parse.c:815:16:dec_value	16	static
../Core/Src/OpenLibCLI/utils/cli_args_parse.c:819:16:hex_value	24	static
