../Drivers/CMSIS/Include/core_cm3.h:1762:34:__NVIC_SystemReset	4	static,ignoring_inline_asm
../Core/Src/cli_demo_setup.c:106:6:cli_demo_setup	80	static
../Core/Src/cli_demo_setup.c:168:6:cli_demo_poll	8	static
../Core/Src/cli_demo_setup.c:178:6:cli_demo_shutdown	8	static
../Core/Src/cli_demo_setup.c:188:9:cli_demo_is_running	4	static
../Core/Src/cli_demo_setup.c:200:15:cmd_show_version	24	static
../Core/Src/cli_demo_setup.c:211:15:cmd_led	32	static
../Core/Src/cli_demo_setup.c:232:15:cmd_reboot	24	static
../Core/Src/cli_demo_setup.c:248:15:cmd_calculator	24	static
../Core/Src/cli_demo_setup.c:260:15:cmd_arithmetic	24	static
../Core/Src/cli_demo_setup.c:268:15:cmd_add	40	static
../Core/Src/cli_demo_setup.c:298:15:cmd_sub	40	static
../Core/Src/cli_demo_setup.c:332:13:cli_register_commands	48	static
../Core/Src/cli_demo_setup.c:386:17:stm32_now_sec	16	static
